<?xml version="1.0" encoding="UTF-8" ?>
<dataset>
    <author name="Alex Zhitnitsky"/>
    <author name="Unknown"/>
    <author name=""/>
</dataset>